RuleID,Commit,File,SymlinkFile,Secret,Match,StartLine,EndLine,StartColumn,EndColumn,Author,Message,Date,Email,Url,Fingerprint
test-rule,0000000000000000,auth.py,,a secret,line containing secret,1,2,1,2,John Doe,opps,10-19-2003,johndoe@gmail.com,https://github.com/gitleaks/gitleaks/blob/0000000000000000/auth.py,fingerprint
